// Jest Snapshot v1, https://goo.gl/fbAQLP

exports[`generate it should generate the testData 1`] = `
Array [
  Object {
    "imagenameStack": Array [
      "src/testData",
      "foo-buster",
      "cypress-3.4.0",
    ],
    "parentDockers": Array [
      "",
      "FROM buildpack-deps:buster

LABEL maintainer=zoltan.erdos@me.com
",
      "ARG CYPRESS_VERION=3.4.0
",
    ],
    "parentReadMes": Array [
      "",
      "",
      "",
    ],
  },
  Object {
    "imagenameStack": Array [
      "src/testData",
      "foo-buster",
      "cypress-1.4.0",
    ],
    "parentDockers": Array [
      "",
      "FROM buildpack-deps:buster

LABEL maintainer=zoltan.erdos@me.com
",
      "ARG CYPRESS_VERION=1.4.0
",
    ],
    "parentReadMes": Array [
      "",
      "",
      "",
    ],
  },
  Object {
    "imagenameStack": Array [
      "src/testData",
      "foo-buster",
      "cypress-33",
    ],
    "parentDockers": Array [
      "",
      "FROM buildpack-deps:buster

LABEL maintainer=zoltan.erdos@me.com
",
      "ARG CYPRESS_VERION=33
",
    ],
    "parentReadMes": Array [
      "",
      "",
      "",
    ],
  },
  Object {
    "imagenameStack": Array [
      "src/testData",
      "foo-stretch",
      "cypress-3.4.0",
    ],
    "parentDockers": Array [
      "",
      "FROM buildpack-deps:stretch

LABEL maintainer=zoltan.erdos@me.com
",
      "ARG CYPRESS_VERION=3.4.0
",
    ],
    "parentReadMes": Array [
      "",
      "",
      "",
    ],
  },
  Object {
    "imagenameStack": Array [
      "src/testData",
      "foo-stretch",
      "cypress-1.4.0",
    ],
    "parentDockers": Array [
      "",
      "FROM buildpack-deps:stretch

LABEL maintainer=zoltan.erdos@me.com
",
      "ARG CYPRESS_VERION=1.4.0
",
    ],
    "parentReadMes": Array [
      "",
      "",
      "",
    ],
  },
  Object {
    "imagenameStack": Array [
      "src/testData",
      "foo-stretch",
      "cypress-33",
    ],
    "parentDockers": Array [
      "",
      "FROM buildpack-deps:stretch

LABEL maintainer=zoltan.erdos@me.com
",
      "ARG CYPRESS_VERION=33
",
    ],
    "parentReadMes": Array [
      "",
      "",
      "",
    ],
  },
  Object {
    "imagenameStack": Array [
      "src/testData",
      "foo-testing",
      "cypress-3.4.0",
    ],
    "parentDockers": Array [
      "",
      "FROM buildpack-deps:testing

LABEL maintainer=zoltan.erdos@me.com
",
      "ARG CYPRESS_VERION=3.4.0
",
    ],
    "parentReadMes": Array [
      "",
      "",
      "",
    ],
  },
  Object {
    "imagenameStack": Array [
      "src/testData",
      "foo-testing",
      "cypress-1.4.0",
    ],
    "parentDockers": Array [
      "",
      "FROM buildpack-deps:testing

LABEL maintainer=zoltan.erdos@me.com
",
      "ARG CYPRESS_VERION=1.4.0
",
    ],
    "parentReadMes": Array [
      "",
      "",
      "",
    ],
  },
  Object {
    "imagenameStack": Array [
      "src/testData",
      "foo-testing",
      "cypress-33",
    ],
    "parentDockers": Array [
      "",
      "FROM buildpack-deps:testing

LABEL maintainer=zoltan.erdos@me.com
",
      "ARG CYPRESS_VERION=33
",
    ],
    "parentReadMes": Array [
      "",
      "",
      "",
    ],
  },
  Object {
    "imagenameStack": Array [
      "src/testData",
      "foo-buster",
    ],
    "parentDockers": Array [
      "",
      "FROM buildpack-deps:buster

LABEL maintainer=zoltan.erdos@me.com
",
    ],
    "parentReadMes": Array [
      "",
      "",
    ],
  },
  Object {
    "imagenameStack": Array [
      "src/testData",
      "foo-stretch",
    ],
    "parentDockers": Array [
      "",
      "FROM buildpack-deps:stretch

LABEL maintainer=zoltan.erdos@me.com
",
    ],
    "parentReadMes": Array [
      "",
      "",
    ],
  },
  Object {
    "imagenameStack": Array [
      "src/testData",
      "foo-testing",
    ],
    "parentDockers": Array [
      "",
      "FROM buildpack-deps:testing

LABEL maintainer=zoltan.erdos@me.com
",
    ],
    "parentReadMes": Array [
      "",
      "",
    ],
  },
  Object {
    "imagenameStack": Array [],
    "parentDockers": Array [],
    "parentReadMes": Array [],
  },
]
`;
